Archive member included to satisfy reference by file (symbol)

c:/st/stm32cubeide_1.7.0/stm32cubeide/plugins/com.st.stm32cube.ide.mcu.externaltools.gnu-tools-for-stm32.9-2020-q2-update.win32_2.0.0.202105311346/tools/bin/../lib/gcc/arm-none-eabi/9.3.1/../../../../arm-none-eabi/lib/thumb/v7-m/nofp\libc_nano.a(lib_a-errno.o)
                              ./Core/Src/syscalls.o (__errno)
c:/st/stm32cubeide_1.7.0/stm32cubeide/plugins/com.st.stm32cube.ide.mcu.externaltools.gnu-tools-for-stm32.9-2020-q2-update.win32_2.0.0.202105311346/tools/bin/../lib/gcc/arm-none-eabi/9.3.1/../../../../arm-none-eabi/lib/thumb/v7-m/nofp\libc_nano.a(lib_a-exit.o)
                              c:/st/stm32cubeide_1.7.0/stm32cubeide/plugins/com.st.stm32cube.ide.mcu.externaltools.gnu-tools-for-stm32.9-2020-q2-update.win32_2.0.0.202105311346/tools/bin/../lib/gcc/arm-none-eabi/9.3.1/../../../../arm-none-eabi/lib/thumb/v7-m/nofp/crt0.o (exit)
c:/st/stm32cubeide_1.7.0/stm32cubeide/plugins/com.st.stm32cube.ide.mcu.externaltools.gnu-tools-for-stm32.9-2020-q2-update.win32_2.0.0.202105311346/tools/bin/../lib/gcc/arm-none-eabi/9.3.1/../../../../arm-none-eabi/lib/thumb/v7-m/nofp\libc_nano.a(lib_a-impure.o)
                              c:/st/stm32cubeide_1.7.0/stm32cubeide/plugins/com.st.stm32cube.ide.mcu.externaltools.gnu-tools-for-stm32.9-2020-q2-update.win32_2.0.0.202105311346/tools/bin/../lib/gcc/arm-none-eabi/9.3.1/../../../../arm-none-eabi/lib/thumb/v7-m/nofp\libc_nano.a(lib_a-exit.o) (_global_impure_ptr)
c:/st/stm32cubeide_1.7.0/stm32cubeide/plugins/com.st.stm32cube.ide.mcu.externaltools.gnu-tools-for-stm32.9-2020-q2-update.win32_2.0.0.202105311346/tools/bin/../lib/gcc/arm-none-eabi/9.3.1/../../../../arm-none-eabi/lib/thumb/v7-m/nofp\libc_nano.a(lib_a-init.o)
                              c:/st/stm32cubeide_1.7.0/stm32cubeide/plugins/com.st.stm32cube.ide.mcu.externaltools.gnu-tools-for-stm32.9-2020-q2-update.win32_2.0.0.202105311346/tools/bin/../lib/gcc/arm-none-eabi/9.3.1/../../../../arm-none-eabi/lib/thumb/v7-m/nofp/crt0.o (__libc_init_array)
c:/st/stm32cubeide_1.7.0/stm32cubeide/plugins/com.st.stm32cube.ide.mcu.externaltools.gnu-tools-for-stm32.9-2020-q2-update.win32_2.0.0.202105311346/tools/bin/../lib/gcc/arm-none-eabi/9.3.1/../../../../arm-none-eabi/lib/thumb/v7-m/nofp\libc_nano.a(lib_a-memset.o)
                              c:/st/stm32cubeide_1.7.0/stm32cubeide/plugins/com.st.stm32cube.ide.mcu.externaltools.gnu-tools-for-stm32.9-2020-q2-update.win32_2.0.0.202105311346/tools/bin/../lib/gcc/arm-none-eabi/9.3.1/../../../../arm-none-eabi/lib/thumb/v7-m/nofp/crt0.o (memset)

Allocating common symbols
Common symbol       size              file

amber_s             0x4               ./Core/Src/display.o
uwTick              0x4               ./Drivers/STM32F1xx_HAL_Driver/Src/stm32f1xx_hal.o
pFlash              0x20              ./Drivers/STM32F1xx_HAL_Driver/Src/stm32f1xx_hal_flash.o
red_s               0x4               ./Core/Src/display.o
green_s             0x4               ./Core/Src/display.o
htim2               0x48              ./Core/Src/main.o

Discarded input sections

 .text          0x0000000000000000        0x0 c:/st/stm32cubeide_1.7.0/stm32cubeide/plugins/com.st.stm32cube.ide.mcu.externaltools.gnu-tools-for-stm32.9-2020-q2-update.win32_2.0.0.202105311346/tools/bin/../lib/gcc/arm-none-eabi/9.3.1/thumb/v7-m/nofp/crti.o
 .data          0x0000000000000000        0x0 c:/st/stm32cubeide_1.7.0/stm32cubeide/plugins/com.st.stm32cube.ide.mcu.externaltools.gnu-tools-for-stm32.9-2020-q2-update.win32_2.0.0.202105311346/tools/bin/../lib/gcc/arm-none-eabi/9.3.1/thumb/v7-m/nofp/crti.o
 .bss           0x0000000000000000        0x0 c:/st/stm32cubeide_1.7.0/stm32cubeide/plugins/com.st.stm32cube.ide.mcu.externaltools.gnu-tools-for-stm32.9-2020-q2-update.win32_2.0.0.202105311346/tools/bin/../lib/gcc/arm-none-eabi/9.3.1/thumb/v7-m/nofp/crti.o
 .data          0x0000000000000000        0x4 c:/st/stm32cubeide_1.7.0/stm32cubeide/plugins/com.st.stm32cube.ide.mcu.externaltools.gnu-tools-for-stm32.9-2020-q2-update.win32_2.0.0.202105311346/tools/bin/../lib/gcc/arm-none-eabi/9.3.1/thumb/v7-m/nofp/crtbegin.o
 .text          0x0000000000000000       0x7c c:/st/stm32cubeide_1.7.0/stm32cubeide/plugins/com.st.stm32cube.ide.mcu.externaltools.gnu-tools-for-stm32.9-2020-q2-update.win32_2.0.0.202105311346/tools/bin/../lib/gcc/arm-none-eabi/9.3.1/../../../../arm-none-eabi/lib/thumb/v7-m/nofp/crt0.o
 .data          0x0000000000000000        0x0 c:/st/stm32cubeide_1.7.0/stm32cubeide/plugins/com.st.stm32cube.ide.mcu.externaltools.gnu-tools-for-stm32.9-2020-q2-update.win32_2.0.0.202105311346/tools/bin/../lib/gcc/arm-none-eabi/9.3.1/../../../../arm-none-eabi/lib/thumb/v7-m/nofp/crt0.o
 .bss           0x0000000000000000        0x0 c:/st/stm32cubeide_1.7.0/stm32cubeide/plugins/com.st.stm32cube.ide.mcu.externaltools.gnu-tools-for-stm32.9-2020-q2-update.win32_2.0.0.202105311346/tools/bin/../lib/gcc/arm-none-eabi/9.3.1/../../../../arm-none-eabi/lib/thumb/v7-m/nofp/crt0.o
[...]
Memory Configuration

Name             Origin             Length             Attributes
RAM              0x0000000020000000 0x0000000000002800 xrw
FLASH            0x0000000008000000 0x0000000000008000 xr
*default*        0x0000000000000000 0xffffffffffffffff

Linker script and memory map

LOAD c:/st/stm32cubeide_1.7.0/stm32cubeide/plugins/com.st.stm32cube.ide.mcu.externaltools.gnu-tools-for-stm32.9-2020-q2-update.win32_2.0.0.202105311346/tools/bin/../lib/gcc/arm-none-eabi/9.3.1/thumb/v7-m/nofp/crti.o
LOAD c:/st/stm32cubeide_1.7.0/stm32cubeide/plugins/com.st.stm32cube.ide.mcu.externaltools.gnu-tools-for-stm32.9-2020-q2-update.win32_2.0.0.202105311346/tools/bin/../lib/gcc/arm-none-eabi/9.3.1/thumb/v7-m/nofp/crtbegin.o
LOAD c:/st/stm32cubeide_1.7.0/stm32cubeide/plugins/com.st.stm32cube.ide.mcu.externaltools.gnu-tools-for-stm32.9-2020-q2-update.win32_2.0.0.202105311346/tools/bin/../lib/gcc/arm-none-eabi/9.3.1/../../../../arm-none-eabi/lib/thumb/v7-m/nofp/crt0.o
LOAD ./Core/Src/display.o
LOAD ./Core/Src/fsm_automatic.o
LOAD ./Core/Src/fsm_manual.o
LOAD ./Core/Src/global.o
LOAD ./Core/Src/input_reading.o
LOAD ./Core/Src/main.o
LOAD ./Core/Src/software_timer.o
LOAD ./Core/Src/stm32f1xx_hal_msp.o
LOAD ./Core/Src/stm32f1xx_it.o
LOAD ./Core/Src/syscalls.o
LOAD ./Core/Src/sysmem.o
LOAD ./Core/Src/system_stm32f1xx.o
LOAD ./Core/Startup/startup_stm32f103c6ux.o
LOAD ./Drivers/STM32F1xx_HAL_Driver/Src/stm32f1xx_hal.o
LOAD ./Drivers/STM32F1xx_HAL_Driver/Src/stm32f1xx_hal_cortex.o
LOAD ./Drivers/STM32F1xx_HAL_Driver/Src/stm32f1xx_hal_dma.o
LOAD ./Drivers/STM32F1xx_HAL_Driver/Src/stm32f1xx_hal_exti.o
LOAD ./Drivers/STM32F1xx_HAL_Driver/Src/stm32f1xx_hal_flash.o
LOAD ./Drivers/STM32F1xx_HAL_Driver/Src/stm32f1xx_hal_flash_ex.o
LOAD ./Drivers/STM32F1xx_HAL_Driver/Src/stm32f1xx_hal_gpio.o
LOAD ./Drivers/STM32F1xx_HAL_Driver/Src/stm32f1xx_hal_gpio_ex.o
LOAD ./Drivers/STM32F1xx_HAL_Driver/Src/stm32f1xx_hal_pwr.o
LOAD ./Drivers/STM32F1xx_HAL_Driver/Src/stm32f1xx_hal_rcc.o
LOAD ./Drivers/STM32F1xx_HAL_Driver/Src/stm32f1xx_hal_rcc_ex.o
LOAD ./Drivers/STM32F1xx_HAL_Driver/Src/stm32f1xx_hal_tim.o
LOAD ./Drivers/STM32F1xx_HAL_Driver/Src/stm32f1xx_hal_tim_ex.o
START GROUP
LOAD c:/st/stm32cubeide_1.7.0/stm32cubeide/plugins/com.st.stm32cube.ide.mcu.externaltools.gnu-tools-for-stm32.9-2020-q2-update.win32_2.0.0.202105311346/tools/bin/../lib/gcc/arm-none-eabi/9.3.1/../../../../arm-none-eabi/lib/thumb/v7-m/nofp\libc_nano.a
LOAD c:/st/stm32cubeide_1.7.0/stm32cubeide/plugins/com.st.stm32cube.ide.mcu.externaltools.gnu-tools-for-stm32.9-2020-q2-update.win32_2.0.0.202105311346/tools/bin/../lib/gcc/arm-none-eabi/9.3.1/../../../../arm-none-eabi/lib/thumb/v7-m/nofp\libm.a
END GROUP
START GROUP
LOAD c:/st/stm32cubeide_1.7.0/stm32cubeide/plugins/com.st.stm32cube.ide.mcu.externaltools.gnu-tools-for-stm32.9-2020-q2-update.win32_2.0.0.202105311346/tools/bin/../lib/gcc/arm-none-eabi/9.3.1/thumb/v7-m/nofp\libgcc.a
LOAD c:/st/stm32cubeide_1.7.0/stm32cubeide/plugins/com.st.stm32cube.ide.mcu.externaltools.gnu-tools-for-stm32.9-2020-q2-update.win32_2.0.0.202105311346/tools/bin/../lib/gcc/arm-none-eabi/9.3.1/../../../../arm-none-eabi/lib/thumb/v7-m/nofp\libc_nano.a
END GROUP
START GROUP
LOAD c:/st/stm32cubeide_1.7.0/stm32cubeide/plugins/com.st.stm32cube.ide.mcu.externaltools.gnu-tools-for-stm32.9-2020-q2-update.win32_2.0.0.202105311346/tools/bin/../lib/gcc/arm-none-eabi/9.3.1/thumb/v7-m/nofp\libgcc.a
LOAD c:/st/stm32cubeide_1.7.0/stm32cubeide/plugins/com.st.stm32cube.ide.mcu.externaltools.gnu-tools-for-stm32.9-2020-q2-update.win32_2.0.0.202105311346/tools/bin/../lib/gcc/arm-none-eabi/9.3.1/../../../../arm-none-eabi/lib/thumb/v7-m/nofp\libc_nano.a
LOAD c:/st/stm32cubeide_1.7.0/stm32cubeide/plugins/com.st.stm32cube.ide.mcu.externaltools.gnu-tools-for-stm32.9-2020-q2-update.win32_2.0.0.202105311346/tools/bin/../lib/gcc/arm-none-eabi/9.3.1/../../../../arm-none-eabi/lib/thumb/v7-m/nofp\libnosys.a
END GROUP
START GROUP
LOAD c:/st/stm32cubeide_1.7.0/stm32cubeide/plugins/com.st.stm32cube.ide.mcu.externaltools.gnu-tools-for-stm32.9-2020-q2-update.win32_2.0.0.202105311346/tools/bin/../lib/gcc/arm-none-eabi/9.3.1/thumb/v7-m/nofp\libgcc.a
LOAD c:/st/stm32cubeide_1.7.0/stm32cubeide/plugins/com.st.stm32cube.ide.mcu.externaltools.gnu-tools-for-stm32.9-2020-q2-update.win32_2.0.0.202105311346/tools/bin/../lib/gcc/arm-none-eabi/9.3.1/../../../../arm-none-eabi/lib/thumb/v7-m/nofp\libc_nano.a
LOAD c:/st/stm32cubeide_1.7.0/stm32cubeide/plugins/com.st.stm32cube.ide.mcu.externaltools.gnu-tools-for-stm32.9-2020-q2-update.win32_2.0.0.202105311346/tools/bin/../lib/gcc/arm-none-eabi/9.3.1/../../../../arm-none-eabi/lib/thumb/v7-m/nofp\libnosys.a
END GROUP
LOAD c:/st/stm32cubeide_1.7.0/stm32cubeide/plugins/com.st.stm32cube.ide.mcu.externaltools.gnu-tools-for-stm32.9-2020-q2-update.win32_2.0.0.202105311346/tools/bin/../lib/gcc/arm-none-eabi/9.3.1/thumb/v7-m/nofp/crtend.o
LOAD c:/st/stm32cubeide_1.7.0/stm32cubeide/plugins/com.st.stm32cube.ide.mcu.externaltools.gnu-tools-for-stm32.9-2020-q2-update.win32_2.0.0.202105311346/tools/bin/../lib/gcc/arm-none-eabi/9.3.1/thumb/v7-m/nofp/crtn.o
                0x0000000020002800                _estack = (ORIGIN (RAM) + LENGTH (RAM))
                0x0000000000000200                _Min_Heap_Size = 0x200
                0x0000000000000400                _Min_Stack_Size = 0x400

.isr_vector     0x0000000008000000      0x10c
                0x0000000008000000                . = ALIGN (0x4)
 *(.isr_vector)
 .isr_vector    0x0000000008000000      0x10c ./Core/Startup/startup_stm32f103c6ux.o
                0x0000000008000000                g_pfnVectors
                0x000000000800010c                . = ALIGN (0x4)

.text           0x000000000800010c     0x2acc
                0x000000000800010c                . = ALIGN (0x4)
 *(.text)
 .text          0x000000000800010c       0x40 c:/st/stm32cubeide_1.7.0/stm32cubeide/plugins/com.st.stm32cube.ide.mcu.externaltools.gnu-tools-for-stm32.9-2020-q2-update.win32_2.0.0.202105311346/tools/bin/../lib/gcc/arm-none-eabi/9.3.1/thumb/v7-m/nofp/crtbegin.o
 *(.text*)
 .text.clearLEDs
                0x000000000800014c       0x38 ./Core/Src/display.o
                0x000000000800014c                clearLEDs
 .text.clear7SEGs
                0x0000000008000184       0x18 ./Core/Src/display.o
                0x0000000008000184                clear7SEGs
 .text.clearEN  0x000000000800019c       0x18 ./Core/Src/display.o
                0x000000000800019c                clearEN
 .text.clearAllLEDs
                0x00000000080001b4       0x18 ./Core/Src/display.o
                0x00000000080001b4                clearAllLEDs
 .text.blinkLEDs
                0x00000000080001cc       0xa4 ./Core/Src/display.o
                0x00000000080001cc                blinkLEDs
 .text.setLEDs  0x0000000008000270      0x1cc ./Core/Src/display.o
                0x0000000008000270                setLEDs
 .text.update7SEG
                0x000000000800043c       0xd0 ./Core/Src/display.o
                0x000000000800043c                update7SEG
 .text.display7SEG
                0x000000000800050c      0x1f0 ./Core/Src/display.o
                0x000000000800050c                display7SEG
 .text.updateBuffer
                0x00000000080006fc       0x78 ./Core/Src/display.o
                0x00000000080006fc                updateBuffer
 .text.fsm_automatic_run
                0x0000000008000774      0x4a0 ./Core/Src/fsm_automatic.o
                0x0000000008000774                fsm_automatic_run
 .text.fsm_manual_run
                0x0000000008000c14      0x27c ./Core/Src/fsm_manual.o
                0x0000000008000c14                fsm_manual_run
 .text.button_reading
                0x0000000008000e90       0xfc ./Core/Src/input_reading.o
                0x0000000008000e90                button_reading
 .text.isButtonPressed
                0x0000000008000f8c       0x3c ./Core/Src/input_reading.o
                0x0000000008000f8c                isButtonPressed
 .text.main     0x0000000008000fc8       0x58 ./Core/Src/main.o
                0x0000000008000fc8                main
 .text.SystemClock_Config
                0x0000000008001020       0x76 ./Core/Src/main.o
                0x0000000008001020                SystemClock_Config
 *fill*         0x0000000008001096        0x2 
 .text.MX_TIM2_Init
                0x0000000008001098       0x98 ./Core/Src/main.o
 .text.MX_GPIO_Init
                0x0000000008001130       0xfc ./Core/Src/main.o
 .text.Error_Handler
                0x000000000800122c        0xa ./Core/Src/main.o
                0x000000000800122c                Error_Handler
 *fill*         0x0000000008001236        0x2 
 .text.setTimer7SEG
                0x0000000008001238       0x38 ./Core/Src/software_timer.o
                0x0000000008001238                setTimer7SEG
 .text.setTimerSecond
                0x0000000008001270       0x38 ./Core/Src/software_timer.o
                0x0000000008001270                setTimerSecond
 .text.setTimer
                0x00000000080012a8       0x40 ./Core/Src/software_timer.o
                0x00000000080012a8                setTimer
 .text.timerRun
                0x00000000080012e8       0x60 ./Core/Src/software_timer.o
                0x00000000080012e8                timerRun
 .text.timerRunSecond
                0x0000000008001348       0x34 ./Core/Src/software_timer.o
                0x0000000008001348                timerRunSecond
 .text.timerRun7SEG
                0x000000000800137c       0x34 ./Core/Src/software_timer.o
                0x000000000800137c                timerRun7SEG
 .text.HAL_TIM_PeriodElapsedCallback
                0x00000000080013b0       0x54 ./Core/Src/software_timer.o
                0x00000000080013b0                HAL_TIM_PeriodElapsedCallback
 .text.HAL_MspInit
                0x0000000008001404       0x64 ./Core/Src/stm32f1xx_hal_msp.o
                0x0000000008001404                HAL_MspInit
 .text.HAL_TIM_Base_MspInit
                0x0000000008001468       0x48 ./Core/Src/stm32f1xx_hal_msp.o
                0x0000000008001468                HAL_TIM_Base_MspInit
 .text.NMI_Handler
                0x00000000080014b0        0x6 ./Core/Src/stm32f1xx_it.o
                0x00000000080014b0                NMI_Handler
 .text.HardFault_Handler
                0x00000000080014b6        0x6 ./Core/Src/stm32f1xx_it.o
                0x00000000080014b6                HardFault_Handler
 .text.MemManage_Handler
                0x00000000080014bc        0x6 ./Core/Src/stm32f1xx_it.o
                0x00000000080014bc                MemManage_Handler
 .text.BusFault_Handler
                0x00000000080014c2        0x6 ./Core/Src/stm32f1xx_it.o
                0x00000000080014c2                BusFault_Handler
 .text.UsageFault_Handler
                0x00000000080014c8        0x6 ./Core/Src/stm32f1xx_it.o
                0x00000000080014c8                UsageFault_Handler
 .text.SVC_Handler
                0x00000000080014ce        0xc ./Core/Src/stm32f1xx_it.o
                0x00000000080014ce                SVC_Handler
 .text.DebugMon_Handler
                0x00000000080014da        0xc ./Core/Src/stm32f1xx_it.o
                0x00000000080014da                DebugMon_Handler
 .text.PendSV_Handler
                0x00000000080014e6        0xc ./Core/Src/stm32f1xx_it.o
                0x00000000080014e6                PendSV_Handler
 .text.SysTick_Handler
                0x00000000080014f2        0xc ./Core/Src/stm32f1xx_it.o
                0x00000000080014f2                SysTick_Handler
 *fill*         0x00000000080014fe        0x2 
 .text.TIM2_IRQHandler
                0x0000000008001500       0x14 ./Core/Src/stm32f1xx_it.o
                0x0000000008001500                TIM2_IRQHandler
 .text.SystemInit
                0x0000000008001514        0xc ./Core/Src/system_stm32f1xx.o
                0x0000000008001514                SystemInit
 .text.Reset_Handler
                0x0000000008001520       0x48 ./Core/Startup/startup_stm32f103c6ux.o
                0x0000000008001520                Reset_Handler
 .text.Default_Handler
                0x0000000008001568        0x2 ./Core/Startup/startup_stm32f103c6ux.o
                0x0000000008001568                RTC_Alarm_IRQHandler
                0x0000000008001568                EXTI2_IRQHandler
                0x0000000008001568                TIM1_CC_IRQHandler
                0x0000000008001568                PVD_IRQHandler
                0x0000000008001568                EXTI3_IRQHandler
                0x0000000008001568                EXTI0_IRQHandler
                0x0000000008001568                ADC1_2_IRQHandler
                0x0000000008001568                SPI1_IRQHandler
                0x0000000008001568                TAMPER_IRQHandler
                0x0000000008001568                DMA1_Channel4_IRQHandler
                0x0000000008001568                RTC_IRQHandler
                0x0000000008001568                DMA1_Channel7_IRQHandler
                0x0000000008001568                CAN1_RX1_IRQHandler
                0x0000000008001568                I2C1_EV_IRQHandler
                0x0000000008001568                DMA1_Channel6_IRQHandler
                0x0000000008001568                TIM3_IRQHandler
                0x0000000008001568                RCC_IRQHandler
                0x0000000008001568                TIM1_TRG_COM_IRQHandler
                0x0000000008001568                DMA1_Channel1_IRQHandler
                0x0000000008001568                Default_Handler
                0x0000000008001568                EXTI15_10_IRQHandler
                0x0000000008001568                EXTI9_5_IRQHandler
                0x0000000008001568                DMA1_Channel5_IRQHandler
                0x0000000008001568                EXTI4_IRQHandler
                0x0000000008001568                USB_LP_CAN1_RX0_IRQHandler
                0x0000000008001568                USB_HP_CAN1_TX_IRQHandler
                0x0000000008001568                DMA1_Channel3_IRQHandler
                0x0000000008001568                TIM1_UP_IRQHandler
                0x0000000008001568                WWDG_IRQHandler
                0x0000000008001568                TIM1_BRK_IRQHandler
                0x0000000008001568                EXTI1_IRQHandler
                0x0000000008001568                USART2_IRQHandler
                0x0000000008001568                DMA1_Channel2_IRQHandler
                0x0000000008001568                CAN1_SCE_IRQHandler
                0x0000000008001568                FLASH_IRQHandler
                0x0000000008001568                USART1_IRQHandler
                0x0000000008001568                I2C1_ER_IRQHandler
                0x0000000008001568                USBWakeUp_IRQHandler
 *fill*         0x000000000800156a        0x2 
 .text.HAL_Init
                0x000000000800156c       0x2c ./Drivers/STM32F1xx_HAL_Driver/Src/stm32f1xx_hal.o
                0x000000000800156c                HAL_Init
 .text.HAL_InitTick
                0x0000000008001598       0x60 ./Drivers/STM32F1xx_HAL_Driver/Src/stm32f1xx_hal.o
                0x0000000008001598                HAL_InitTick
 .text.HAL_IncTick
                0x00000000080015f8       0x24 ./Drivers/STM32F1xx_HAL_Driver/Src/stm32f1xx_hal.o
                0x00000000080015f8                HAL_IncTick
 .text.HAL_GetTick
                0x000000000800161c       0x14 ./Drivers/STM32F1xx_HAL_Driver/Src/stm32f1xx_hal.o
                0x000000000800161c                HAL_GetTick
 .text.__NVIC_SetPriorityGrouping
                0x0000000008001630       0x48 ./Drivers/STM32F1xx_HAL_Driver/Src/stm32f1xx_hal_cortex.o
 .text.__NVIC_GetPriorityGrouping
                0x0000000008001678       0x1c ./Drivers/STM32F1xx_HAL_Driver/Src/stm32f1xx_hal_cortex.o
 .text.__NVIC_EnableIRQ
                0x0000000008001694       0x38 ./Drivers/STM32F1xx_HAL_Driver/Src/stm32f1xx_hal_cortex.o
 .text.__NVIC_SetPriority
                0x00000000080016cc       0x54 ./Drivers/STM32F1xx_HAL_Driver/Src/stm32f1xx_hal_cortex.o
 .text.NVIC_EncodePriority
                0x0000000008001720       0x64 ./Drivers/STM32F1xx_HAL_Driver/Src/stm32f1xx_hal_cortex.o
 .text.SysTick_Config
                0x0000000008001784       0x44 ./Drivers/STM32F1xx_HAL_Driver/Src/stm32f1xx_hal_cortex.o
 .text.HAL_NVIC_SetPriorityGrouping
                0x00000000080017c8       0x16 ./Drivers/STM32F1xx_HAL_Driver/Src/stm32f1xx_hal_cortex.o
                0x00000000080017c8                HAL_NVIC_SetPriorityGrouping
 .text.HAL_NVIC_SetPriority
                0x00000000080017de       0x38 ./Drivers/STM32F1xx_HAL_Driver/Src/stm32f1xx_hal_cortex.o
                0x00000000080017de                HAL_NVIC_SetPriority
 .text.HAL_NVIC_EnableIRQ
                0x0000000008001816       0x1c ./Drivers/STM32F1xx_HAL_Driver/Src/stm32f1xx_hal_cortex.o
                0x0000000008001816                HAL_NVIC_EnableIRQ
 .text.HAL_SYSTICK_Config
                0x0000000008001832       0x18 ./Drivers/STM32F1xx_HAL_Driver/Src/stm32f1xx_hal_cortex.o
                0x0000000008001832                HAL_SYSTICK_Config
 *fill*         0x000000000800184a        0x2 
 .text.HAL_GPIO_Init
                0x000000000800184c      0x2f4 ./Drivers/STM32F1xx_HAL_Driver/Src/stm32f1xx_hal_gpio.o
                0x000000000800184c                HAL_GPIO_Init
 .text.HAL_GPIO_ReadPin
                0x0000000008001b40       0x2e ./Drivers/STM32F1xx_HAL_Driver/Src/stm32f1xx_hal_gpio.o
                0x0000000008001b40                HAL_GPIO_ReadPin
 .text.HAL_GPIO_WritePin
                0x0000000008001b6e       0x30 ./Drivers/STM32F1xx_HAL_Driver/Src/stm32f1xx_hal_gpio.o
                0x0000000008001b6e                HAL_GPIO_WritePin
 .text.HAL_GPIO_TogglePin
                0x0000000008001b9e       0x32 ./Drivers/STM32F1xx_HAL_Driver/Src/stm32f1xx_hal_gpio.o
                0x0000000008001b9e                HAL_GPIO_TogglePin
 .text.HAL_RCC_OscConfig
                0x0000000008001bd0      0x500 ./Drivers/STM32F1xx_HAL_Driver/Src/stm32f1xx_hal_rcc.o
                0x0000000008001bd0                HAL_RCC_OscConfig
 .text.HAL_RCC_ClockConfig
                0x00000000080020d0      0x1d4 ./Drivers/STM32F1xx_HAL_Driver/Src/stm32f1xx_hal_rcc.o
                0x00000000080020d0                HAL_RCC_ClockConfig
 .text.HAL_RCC_GetSysClockFreq
                0x00000000080022a4       0xc0 ./Drivers/STM32F1xx_HAL_Driver/Src/stm32f1xx_hal_rcc.o
                0x00000000080022a4                HAL_RCC_GetSysClockFreq
 .text.RCC_Delay
                0x0000000008002364       0x3c ./Drivers/STM32F1xx_HAL_Driver/Src/stm32f1xx_hal_rcc.o
 .text.HAL_TIM_Base_Init
                0x00000000080023a0       0x9e ./Drivers/STM32F1xx_HAL_Driver/Src/stm32f1xx_hal_tim.o
                0x00000000080023a0                HAL_TIM_Base_Init
 *fill*         0x000000000800243e        0x2 
 .text.HAL_TIM_Base_Start_IT
                0x0000000008002440       0x98 ./Drivers/STM32F1xx_HAL_Driver/Src/stm32f1xx_hal_tim.o
                0x0000000008002440                HAL_TIM_Base_Start_IT
 .text.HAL_TIM_IRQHandler
                0x00000000080024d8      0x210 ./Drivers/STM32F1xx_HAL_Driver/Src/stm32f1xx_hal_tim.o
                0x00000000080024d8                HAL_TIM_IRQHandler
 .text.HAL_TIM_ConfigClockSource
                0x00000000080026e8      0x188 ./Drivers/STM32F1xx_HAL_Driver/Src/stm32f1xx_hal_tim.o
                0x00000000080026e8                HAL_TIM_ConfigClockSource
 .text.HAL_TIM_OC_DelayElapsedCallback
                0x0000000008002870       0x12 ./Drivers/STM32F1xx_HAL_Driver/Src/stm32f1xx_hal_tim.o
                0x0000000008002870                HAL_TIM_OC_DelayElapsedCallback
 .text.HAL_TIM_IC_CaptureCallback
                0x0000000008002882       0x12 ./Drivers/STM32F1xx_HAL_Driver/Src/stm32f1xx_hal_tim.o
                0x0000000008002882                HAL_TIM_IC_CaptureCallback
 .text.HAL_TIM_PWM_PulseFinishedCallback
                0x0000000008002894       0x12 ./Drivers/STM32F1xx_HAL_Driver/Src/stm32f1xx_hal_tim.o
                0x0000000008002894                HAL_TIM_PWM_PulseFinishedCallback
 .text.HAL_TIM_TriggerCallback
                0x00000000080028a6       0x12 ./Drivers/STM32F1xx_HAL_Driver/Src/stm32f1xx_hal_tim.o
                0x00000000080028a6                HAL_TIM_TriggerCallback
 .text.TIM_Base_SetConfig
                0x00000000080028b8       0xb0 ./Drivers/STM32F1xx_HAL_Driver/Src/stm32f1xx_hal_tim.o
                0x00000000080028b8                TIM_Base_SetConfig
 .text.TIM_TI1_ConfigInputStage
                0x0000000008002968       0x5c ./Drivers/STM32F1xx_HAL_Driver/Src/stm32f1xx_hal_tim.o
 .text.TIM_TI2_ConfigInputStage
                0x00000000080029c4       0x5e ./Drivers/STM32F1xx_HAL_Driver/Src/stm32f1xx_hal_tim.o
 .text.TIM_ITRx_SetConfig
                0x0000000008002a22       0x34 ./Drivers/STM32F1xx_HAL_Driver/Src/stm32f1xx_hal_tim.o
 .text.TIM_ETR_SetConfig
                0x0000000008002a56       0x3e ./Drivers/STM32F1xx_HAL_Driver/Src/stm32f1xx_hal_tim.o
                0x0000000008002a56                TIM_ETR_SetConfig
 .text.HAL_TIMEx_MasterConfigSynchronization
                0x0000000008002a94       0xb0 ./Drivers/STM32F1xx_HAL_Driver/Src/stm32f1xx_hal_tim_ex.o
                0x0000000008002a94                HAL_TIMEx_MasterConfigSynchronization
 .text.HAL_TIMEx_CommutCallback
                0x0000000008002b44       0x12 ./Drivers/STM32F1xx_HAL_Driver/Src/stm32f1xx_hal_tim_ex.o
                0x0000000008002b44                HAL_TIMEx_CommutCallback
 .text.HAL_TIMEx_BreakCallback
                0x0000000008002b56       0x12 ./Drivers/STM32F1xx_HAL_Driver/Src/stm32f1xx_hal_tim_ex.o
                0x0000000008002b56                HAL_TIMEx_BreakCallback
 .text.__libc_init_array
                0x0000000008002b68       0x48 c:/st/stm32cubeide_1.7.0/stm32cubeide/plugins/com.st.stm32cube.ide.mcu.externaltools.gnu-tools-for-stm32.9-2020-q2-update.win32_2.0.0.202105311346/tools/bin/../lib/gcc/arm-none-eabi/9.3.1/../../../../arm-none-eabi/lib/thumb/v7-m/nofp\libc_nano.a(lib_a-init.o)
                0x0000000008002b68                __libc_init_array
 .text.memset   0x0000000008002bb0       0x10 c:/st/stm32cubeide_1.7.0/stm32cubeide/plugins/com.st.stm32cube.ide.mcu.externaltools.gnu-tools-for-stm32.9-2020-q2-update.win32_2.0.0.202105311346/tools/bin/../lib/gcc/arm-none-eabi/9.3.1/../../../../arm-none-eabi/lib/thumb/v7-m/nofp\libc_nano.a(lib_a-memset.o)
                0x0000000008002bb0                memset
 *(.glue_7)
 .glue_7        0x0000000008002bc0        0x0 linker stubs
 *(.glue_7t)
 .glue_7t       0x0000000008002bc0        0x0 linker stubs
 *(.eh_frame)
 .eh_frame      0x0000000008002bc0        0x0 c:/st/stm32cubeide_1.7.0/stm32cubeide/plugins/com.st.stm32cube.ide.mcu.externaltools.gnu-tools-for-stm32.9-2020-q2-update.win32_2.0.0.202105311346/tools/bin/../lib/gcc/arm-none-eabi/9.3.1/thumb/v7-m/nofp/crtbegin.o
 *(.init)
 .init          0x0000000008002bc0        0x4 c:/st/stm32cubeide_1.7.0/stm32cubeide/plugins/com.st.stm32cube.ide.mcu.externaltools.gnu-tools-for-stm32.9-2020-q2-update.win32_2.0.0.202105311346/tools/bin/../lib/gcc/arm-none-eabi/9.3.1/thumb/v7-m/nofp/crti.o
                0x0000000008002bc0                _init
 .init          0x0000000008002bc4        0x8 c:/st/stm32cubeide_1.7.0/stm32cubeide/plugins/com.st.stm32cube.ide.mcu.externaltools.gnu-tools-for-stm32.9-2020-q2-update.win32_2.0.0.202105311346/tools/bin/../lib/gcc/arm-none-eabi/9.3.1/thumb/v7-m/nofp/crtn.o
 *(.fini)
 .fini          0x0000000008002bcc        0x4 c:/st/stm32cubeide_1.7.0/stm32cubeide/plugins/com.st.stm32cube.ide.mcu.externaltools.gnu-tools-for-stm32.9-2020-q2-update.win32_2.0.0.202105311346/tools/bin/../lib/gcc/arm-none-eabi/9.3.1/thumb/v7-m/nofp/crti.o
                0x0000000008002bcc                _fini
 .fini          0x0000000008002bd0        0x8 c:/st/stm32cubeide_1.7.0/stm32cubeide/plugins/com.st.stm32cube.ide.mcu.externaltools.gnu-tools-for-stm32.9-2020-q2-update.win32_2.0.0.202105311346/tools/bin/../lib/gcc/arm-none-eabi/9.3.1/thumb/v7-m/nofp/crtn.o
                0x0000000008002bd8                . = ALIGN (0x4)
                0x0000000008002bd8                _etext = .

.vfp11_veneer   0x0000000008002bd8        0x0
 .vfp11_veneer  0x0000000008002bd8        0x0 linker stubs

.v4_bx          0x0000000008002bd8        0x0
 .v4_bx         0x0000000008002bd8        0x0 linker stubs

.iplt           0x0000000008002bd8        0x0
 .iplt          0x0000000008002bd8        0x0 c:/st/stm32cubeide_1.7.0/stm32cubeide/plugins/com.st.stm32cube.ide.mcu.externaltools.gnu-tools-for-stm32.9-2020-q2-update.win32_2.0.0.202105311346/tools/bin/../lib/gcc/arm-none-eabi/9.3.1/thumb/v7-m/nofp/crtbegin.o

.rodata         0x0000000008002bd8       0x20
                0x0000000008002bd8                . = ALIGN (0x4)
 *(.rodata)
 .rodata        0x0000000008002bd8       0x10 ./Drivers/STM32F1xx_HAL_Driver/Src/stm32f1xx_hal_rcc.o
 *(.rodata*)
 .rodata.AHBPrescTable
                0x0000000008002be8       0x10 ./Core/Src/system_stm32f1xx.o
                0x0000000008002be8                AHBPrescTable
                0x0000000008002bf8                . = ALIGN (0x4)

.rel.dyn        0x0000000008002bf8        0x0
 .rel.iplt      0x0000000008002bf8        0x0 c:/st/stm32cubeide_1.7.0/stm32cubeide/plugins/com.st.stm32cube.ide.mcu.externaltools.gnu-tools-for-stm32.9-2020-q2-update.win32_2.0.0.202105311346/tools/bin/../lib/gcc/arm-none-eabi/9.3.1/thumb/v7-m/nofp/crtbegin.o

.ARM.extab      0x0000000008002bf8        0x0
                0x0000000008002bf8                . = ALIGN (0x4)
 *(.ARM.extab* .gnu.linkonce.armextab.*)
                0x0000000008002bf8                . = ALIGN (0x4)

.ARM            0x0000000008002bf8        0x0
                0x0000000008002bf8                . = ALIGN (0x4)
                0x0000000008002bf8                __exidx_start = .
 *(.ARM.exidx*)
                0x0000000008002bf8                __exidx_end = .
                0x0000000008002bf8                . = ALIGN (0x4)

.preinit_array  0x0000000008002bf8        0x0
                0x0000000008002bf8                . = ALIGN (0x4)
                0x0000000008002bf8                PROVIDE (__preinit_array_start = .)
 *(.preinit_array*)
                0x0000000008002bf8                PROVIDE (__preinit_array_end = .)
                0x0000000008002bf8                . = ALIGN (0x4)

.init_array     0x0000000008002bf8        0x4
                0x0000000008002bf8                . = ALIGN (0x4)
                0x0000000008002bf8                PROVIDE (__init_array_start = .)
 *(SORT_BY_NAME(.init_array.*))
 *(.init_array*)
 .init_array    0x0000000008002bf8        0x4 c:/st/stm32cubeide_1.7.0/stm32cubeide/plugins/com.st.stm32cube.ide.mcu.externaltools.gnu-tools-for-stm32.9-2020-q2-update.win32_2.0.0.202105311346/tools/bin/../lib/gcc/arm-none-eabi/9.3.1/thumb/v7-m/nofp/crtbegin.o
                0x0000000008002bfc                PROVIDE (__init_array_end = .)
                0x0000000008002bfc                . = ALIGN (0x4)

.fini_array     0x0000000008002bfc        0x4
                0x0000000008002bfc                . = ALIGN (0x4)
                [!provide]                        PROVIDE (__fini_array_start = .)
 *(SORT_BY_NAME(.fini_array.*))
 *(.fini_array*)
 .fini_array    0x0000000008002bfc        0x4 c:/st/stm32cubeide_1.7.0/stm32cubeide/plugins/com.st.stm32cube.ide.mcu.externaltools.gnu-tools-for-stm32.9-2020-q2-update.win32_2.0.0.202105311346/tools/bin/../lib/gcc/arm-none-eabi/9.3.1/thumb/v7-m/nofp/crtbegin.o
                [!provide]                        PROVIDE (__fini_array_end = .)
                0x0000000008002c00                . = ALIGN (0x4)
                0x0000000008002c00                _sidata = LOADADDR (.data)

.data           0x0000000020000000       0x38 load address 0x0000000008002c00
                0x0000000020000000                . = ALIGN (0x4)
                0x0000000020000000                _sdata = .
 *(.data)
 *(.data*)
 .data.status   0x0000000020000000        0x4 ./Core/Src/global.o
                0x0000000020000000                status
 .data.red_duration
                0x0000000020000004        0x4 ./Core/Src/global.o
                0x0000000020000004                red_duration
 .data.amber_duration
                0x0000000020000008        0x4 ./Core/Src/global.o
                0x0000000020000008                amber_duration
 .data.green_duration
                0x000000002000000c        0x4 ./Core/Src/global.o
                0x000000002000000c                green_duration
 .data.buttonBuffer
                0x0000000020000010        0x3 ./Core/Src/input_reading.o
 *fill*         0x0000000020000013        0x1 
 .data.port     0x0000000020000014        0xc ./Core/Src/input_reading.o
                0x0000000020000014                port
 .data.pin      0x0000000020000020        0x6 ./Core/Src/input_reading.o
                0x0000000020000020                pin
 *fill*         0x0000000020000026        0x2 
 .data.cnt      0x0000000020000028        0x4 ./Core/Src/software_timer.o
                0x0000000020000028                cnt
 .data.SystemCoreClock
                0x000000002000002c        0x4 ./Core/Src/system_stm32f1xx.o
                0x000000002000002c                SystemCoreClock
 .data.uwTickPrio
                0x0000000020000030        0x4 ./Drivers/STM32F1xx_HAL_Driver/Src/stm32f1xx_hal.o
                0x0000000020000030                uwTickPrio
 .data.uwTickFreq
                0x0000000020000034        0x1 ./Drivers/STM32F1xx_HAL_Driver/Src/stm32f1xx_hal.o
                0x0000000020000034                uwTickFreq
 *(.RamFunc)
 *(.RamFunc*)
                0x0000000020000038                . = ALIGN (0x4)
 *fill*         0x0000000020000035        0x3 
                0x0000000020000038                _edata = .

.igot.plt       0x0000000020000038        0x0 load address 0x0000000008002c38
 .igot.plt      0x0000000020000038        0x0 c:/st/stm32cubeide_1.7.0/stm32cubeide/plugins/com.st.stm32cube.ide.mcu.externaltools.gnu-tools-for-stm32.9-2020-q2-update.win32_2.0.0.202105311346/tools/bin/../lib/gcc/arm-none-eabi/9.3.1/thumb/v7-m/nofp/crtbegin.o
                0x0000000020000038                . = ALIGN (0x4)

.bss            0x0000000020000038       0xcc load address 0x0000000008002c38
                0x0000000020000038                _sbss = .
                0x0000000020000038                __bss_start__ = _sbss
 *(.bss)
 .bss           0x0000000020000038       0x1c c:/st/stm32cubeide_1.7.0/stm32cubeide/plugins/com.st.stm32cube.ide.mcu.externaltools.gnu-tools-for-stm32.9-2020-q2-update.win32_2.0.0.202105311346/tools/bin/../lib/gcc/arm-none-eabi/9.3.1/thumb/v7-m/nofp/crtbegin.o
 *(.bss*)
 .bss.led_buffer
                0x0000000020000054       0x10 ./Core/Src/display.o
                0x0000000020000054                led_buffer
 .bss.flagAmber
                0x0000000020000064        0x4 ./Core/Src/fsm_automatic.o
                0x0000000020000064                flagAmber
 .bss.debounceButtonBuffer1
                0x0000000020000068        0x3 ./Core/Src/input_reading.o
 *fill*         0x000000002000006b        0x1 
 .bss.debounceButtonBuffer2
                0x000000002000006c        0x3 ./Core/Src/input_reading.o
 *fill*         0x000000002000006f        0x1 
 .bss.debounceButtonBuffer3
                0x0000000020000070        0x3 ./Core/Src/input_reading.o
 *fill*         0x0000000020000073        0x1 
 .bss.timeOut   0x0000000020000074        0xc ./Core/Src/input_reading.o
                0x0000000020000074                timeOut
 .bss.buttonFlag
                0x0000000020000080        0xc ./Core/Src/input_reading.o
                0x0000000020000080                buttonFlag
 .bss.timer7SEG
                0x000000002000008c        0x4 ./Core/Src/software_timer.o
                0x000000002000008c                timer7SEG
 .bss.counter7SEG
                0x0000000020000090        0x4 ./Core/Src/software_timer.o
                0x0000000020000090                counter7SEG
 .bss.timerSecond
                0x0000000020000094        0x4 ./Core/Src/software_timer.o
                0x0000000020000094                timerSecond
 .bss.counterSecond
                0x0000000020000098        0x4 ./Core/Src/software_timer.o
                0x0000000020000098                counterSecond
 .bss.timerFlag
                0x000000002000009c        0x8 ./Core/Src/software_timer.o
                0x000000002000009c                timerFlag
 .bss.counter   0x00000000200000a4        0x8 ./Core/Src/software_timer.o
                0x00000000200000a4                counter
 *(COMMON)
 COMMON         0x00000000200000ac        0xc ./Core/Src/display.o
                0x00000000200000ac                amber_s
                0x00000000200000b0                red_s
                0x00000000200000b4                green_s
 COMMON         0x00000000200000b8       0x48 ./Core/Src/main.o
                0x00000000200000b8                htim2
 COMMON         0x0000000020000100        0x4 ./Drivers/STM32F1xx_HAL_Driver/Src/stm32f1xx_hal.o
                0x0000000020000100                uwTick
                0x0000000020000104                . = ALIGN (0x4)
                0x0000000020000104                _ebss = .
                0x0000000020000104                __bss_end__ = _ebss

._user_heap_stack
                0x0000000020000104      0x604 load address 0x0000000008002c38
                0x0000000020000108                . = ALIGN (0x8)
 *fill*         0x0000000020000104        0x4 
                [!provide]                        PROVIDE (end = .)
                0x0000000020000108                PROVIDE (_end = .)
                0x0000000020000308                . = (. + _Min_Heap_Size)
 *fill*         0x0000000020000108      0x200 
                0x0000000020000708                . = (. + _Min_Stack_Size)
 *fill*         0x0000000020000308      0x400 
                0x0000000020000708                . = ALIGN (0x8)

/DISCARD/
 libc.a(*)
 libm.a(*)
 libgcc.a(*)

.ARM.attributes
                0x0000000000000000       0x29
 *(.ARM.attributes)
 .ARM.attributes
                0x0000000000000000       0x1d c:/st/stm32cubeide_1.7.0/stm32cubeide/plugins/com.st.stm32cube.ide.mcu.externaltools.gnu-tools-for-stm32.9-2020-q2-update.win32_2.0.0.202105311346/tools/bin/../lib/gcc/arm-none-eabi/9.3.1/thumb/v7-m/nofp/crti.o
 .ARM.attributes
                0x000000000000001d       0x2d c:/st/stm32cubeide_1.7.0/stm32cubeide/plugins/com.st.stm32cube.ide.mcu.externaltools.gnu-tools-for-stm32.9-2020-q2-update.win32_2.0.0.202105311346/tools/bin/../lib/gcc/arm-none-eabi/9.3.1/thumb/v7-m/nofp/crtbegin.o
 .ARM.attributes
                0x000000000000004a       0x2d ./Core/Src/display.o
 .ARM.attributes
                0x0000000000000077       0x2d ./Core/Src/fsm_automatic.o
 .ARM.attributes
                0x00000000000000a4       0x2d ./Core/Src/fsm_manual.o
 .ARM.attributes
                0x00000000000000d1       0x33 ./Core/Src/global.o
 .ARM.attributes
                0x0000000000000104       0x2d ./Core/Src/input_reading.o
 .ARM.attributes
                0x0000000000000131       0x2d ./Core/Src/main.o
 .ARM.attributes
                0x000000000000015e       0x2d ./Core/Src/software_timer.o
 .ARM.attributes
                0x000000000000018b       0x2d ./Core/Src/stm32f1xx_hal_msp.o
 .ARM.attributes
                0x00000000000001b8       0x2d ./Core/Src/stm32f1xx_it.o
 .ARM.attributes
                0x00000000000001e5       0x2d ./Core/Src/system_stm32f1xx.o
 .ARM.attributes
                0x0000000000000212       0x21 ./Core/Startup/startup_stm32f103c6ux.o
 .ARM.attributes
                0x0000000000000233       0x2d ./Drivers/STM32F1xx_HAL_Driver/Src/stm32f1xx_hal.o
 .ARM.attributes
                0x0000000000000260       0x2d ./Drivers/STM32F1xx_HAL_Driver/Src/stm32f1xx_hal_cortex.o
 .ARM.attributes
                0x000000000000028d       0x2d ./Drivers/STM32F1xx_HAL_Driver/Src/stm32f1xx_hal_gpio.o
 .ARM.attributes
                0x00000000000002ba       0x2d ./Drivers/STM32F1xx_HAL_Driver/Src/stm32f1xx_hal_rcc.o
 .ARM.attributes
                0x00000000000002e7       0x2d ./Drivers/STM32F1xx_HAL_Driver/Src/stm32f1xx_hal_tim.o
 .ARM.attributes
                0x0000000000000314       0x2d ./Drivers/STM32F1xx_HAL_Driver/Src/stm32f1xx_hal_tim_ex.o
 .ARM.attributes
                0x0000000000000341       0x2d c:/st/stm32cubeide_1.7.0/stm32cubeide/plugins/com.st.stm32cube.ide.mcu.externaltools.gnu-tools-for-stm32.9-2020-q2-update.win32_2.0.0.202105311346/tools/bin/../lib/gcc/arm-none-eabi/9.3.1/../../../../arm-none-eabi/lib/thumb/v7-m/nofp\libc_nano.a(lib_a-init.o)
 .ARM.attributes
                0x000000000000036e       0x2d c:/st/stm32cubeide_1.7.0/stm32cubeide/plugins/com.st.stm32cube.ide.mcu.externaltools.gnu-tools-for-stm32.9-2020-q2-update.win32_2.0.0.202105311346/tools/bin/../lib/gcc/arm-none-eabi/9.3.1/../../../../arm-none-eabi/lib/thumb/v7-m/nofp\libc_nano.a(lib_a-memset.o)
 .ARM.attributes
                0x000000000000039b       0x1d c:/st/stm32cubeide_1.7.0/stm32cubeide/plugins/com.st.stm32cube.ide.mcu.externaltools.gnu-tools-for-stm32.9-2020-q2-update.win32_2.0.0.202105311346/tools/bin/../lib/gcc/arm-none-eabi/9.3.1/thumb/v7-m/nofp/crtn.o
OUTPUT(Lab3.elf elf32-littlearm)
LOAD linker stubs
LOAD c:/st/stm32cubeide_1.7.0/stm32cubeide/plugins/com.st.stm32cube.ide.mcu.externaltools.gnu-tools-for-stm32.9-2020-q2-update.win32_2.0.0.202105311346/tools/bin/../lib/gcc/arm-none-eabi/9.3.1/../../../../arm-none-eabi/lib/thumb/v7-m/nofp\libc.a
LOAD c:/st/stm32cubeide_1.7.0/stm32cubeide/plugins/com.st.stm32cube.ide.mcu.externaltools.gnu-tools-for-stm32.9-2020-q2-update.win32_2.0.0.202105311346/tools/bin/../lib/gcc/arm-none-eabi/9.3.1/../../../../arm-none-eabi/lib/thumb/v7-m/nofp\libm.a
LOAD c:/st/stm32cubeide_1.7.0/stm32cubeide/plugins/com.st.stm32cube.ide.mcu.externaltools.gnu-tools-for-stm32.9-2020-q2-update.win32_2.0.0.202105311346/tools/bin/../lib/gcc/arm-none-eabi/9.3.1/thumb/v7-m/nofp\libgcc.a

.debug_info     0x0000000000000000     0x9bc3
 .debug_info    0x0000000000000000      0x458 ./Core/Src/display.o
 .debug_info    0x0000000000000458      0x25a ./Core/Src/fsm_automatic.o
 .debug_info    0x00000000000006b2      0x248 ./Core/Src/fsm_manual.o
 .debug_info    0x00000000000008fa      0x266 ./Core/Src/global.o
 .debug_info    0x0000000000000b60      0x424 ./Core/Src/input_reading.o
 .debug_info    0x0000000000000f84      0xc4b ./Core/Src/main.o
 .debug_info    0x0000000000001bcf      0x9a9 ./Core/Src/software_timer.o
 .debug_info    0x0000000000002578      0xa04 ./Core/Src/stm32f1xx_hal_msp.o
 .debug_info    0x0000000000002f7c      0x7b4 ./Core/Src/stm32f1xx_it.o
 .debug_info    0x0000000000003730      0x2be ./Core/Src/system_stm32f1xx.o
 .debug_info    0x00000000000039ee       0x22 ./Core/Startup/startup_stm32f103c6ux.o
 .debug_info    0x0000000000003a10      0x74c ./Drivers/STM32F1xx_HAL_Driver/Src/stm32f1xx_hal.o
 .debug_info    0x000000000000415c      0xbbe ./Drivers/STM32F1xx_HAL_Driver/Src/stm32f1xx_hal_cortex.o
 .debug_info    0x0000000000004d1a      0x701 ./Drivers/STM32F1xx_HAL_Driver/Src/stm32f1xx_hal_gpio.o
 .debug_info    0x000000000000541b      0x88e ./Drivers/STM32F1xx_HAL_Driver/Src/stm32f1xx_hal_rcc.o
 .debug_info    0x0000000000005ca9     0x2a45 ./Drivers/STM32F1xx_HAL_Driver/Src/stm32f1xx_hal_tim.o
 .debug_info    0x00000000000086ee     0x14d5 ./Drivers/STM32F1xx_HAL_Driver/Src/stm32f1xx_hal_tim_ex.o

.debug_abbrev   0x0000000000000000     0x1c5b
 .debug_abbrev  0x0000000000000000      0x19d ./Core/Src/display.o
 .debug_abbrev  0x000000000000019d       0xc9 ./Core/Src/fsm_automatic.o
 .debug_abbrev  0x0000000000000266       0xc9 ./Core/Src/fsm_manual.o
 .debug_abbrev  0x000000000000032f       0xbc ./Core/Src/global.o
 .debug_abbrev  0x00000000000003eb      0x181 ./Core/Src/input_reading.o
 .debug_abbrev  0x000000000000056c      0x21d ./Core/Src/main.o
 .debug_abbrev  0x0000000000000789      0x226 ./Core/Src/software_timer.o
 .debug_abbrev  0x00000000000009af      0x1b7 ./Core/Src/stm32f1xx_hal_msp.o
 .debug_abbrev  0x0000000000000b66      0x176 ./Core/Src/stm32f1xx_it.o
 .debug_abbrev  0x0000000000000cdc      0x14e ./Core/Src/system_stm32f1xx.o
 .debug_abbrev  0x0000000000000e2a       0x12 ./Core/Startup/startup_stm32f103c6ux.o
 .debug_abbrev  0x0000000000000e3c      0x1ed ./Drivers/STM32F1xx_HAL_Driver/Src/stm32f1xx_hal.o
 .debug_abbrev  0x0000000000001029      0x313 ./Drivers/STM32F1xx_HAL_Driver/Src/stm32f1xx_hal_cortex.o
 .debug_abbrev  0x000000000000133c      0x1e8 ./Drivers/STM32F1xx_HAL_Driver/Src/stm32f1xx_hal_gpio.o
 .debug_abbrev  0x0000000000001524      0x273 ./Drivers/STM32F1xx_HAL_Driver/Src/stm32f1xx_hal_rcc.o
 .debug_abbrev  0x0000000000001797      0x25e ./Drivers/STM32F1xx_HAL_Driver/Src/stm32f1xx_hal_tim.o
 .debug_abbrev  0x00000000000019f5      0x266 ./Drivers/STM32F1xx_HAL_Driver/Src/stm32f1xx_hal_tim_ex.o

.debug_aranges  0x0000000000000000      0xa60
 .debug_aranges
                0x0000000000000000       0x68 ./Core/Src/display.o
 .debug_aranges
                0x0000000000000068       0x20 ./Core/Src/fsm_automatic.o
 .debug_aranges
                0x0000000000000088       0x20 ./Core/Src/fsm_manual.o
 .debug_aranges
                0x00000000000000a8       0x18 ./Core/Src/global.o
 .debug_aranges
                0x00000000000000c0       0x28 ./Core/Src/input_reading.o
 .debug_aranges
                0x00000000000000e8       0x40 ./Core/Src/main.o
 .debug_aranges
                0x0000000000000128       0x50 ./Core/Src/software_timer.o
 .debug_aranges
                0x0000000000000178       0x30 ./Core/Src/stm32f1xx_hal_msp.o
 .debug_aranges
                0x00000000000001a8       0x68 ./Core/Src/stm32f1xx_it.o
 .debug_aranges
                0x0000000000000210       0x28 ./Core/Src/system_stm32f1xx.o
 .debug_aranges
                0x0000000000000238       0x28 ./Core/Startup/startup_stm32f103c6ux.o
 .debug_aranges
                0x0000000000000260       0xe0 ./Drivers/STM32F1xx_HAL_Driver/Src/stm32f1xx_hal.o
 .debug_aranges
                0x0000000000000340      0x100 ./Drivers/STM32F1xx_HAL_Driver/Src/stm32f1xx_hal_cortex.o
 .debug_aranges
                0x0000000000000440       0x58 ./Drivers/STM32F1xx_HAL_Driver/Src/stm32f1xx_hal_gpio.o
 .debug_aranges
                0x0000000000000498       0x90 ./Drivers/STM32F1xx_HAL_Driver/Src/stm32f1xx_hal_rcc.o
 .debug_aranges
                0x0000000000000528      0x3d0 ./Drivers/STM32F1xx_HAL_Driver/Src/stm32f1xx_hal_tim.o
 .debug_aranges
                0x00000000000008f8      0x168 ./Drivers/STM32F1xx_HAL_Driver/Src/stm32f1xx_hal_tim_ex.o

.debug_ranges   0x0000000000000000      0x950
 .debug_ranges  0x0000000000000000       0x58 ./Core/Src/display.o
 .debug_ranges  0x0000000000000058       0x10 ./Core/Src/fsm_automatic.o
 .debug_ranges  0x0000000000000068       0x10 ./Core/Src/fsm_manual.o
 .debug_ranges  0x0000000000000078       0x18 ./Core/Src/input_reading.o
 .debug_ranges  0x0000000000000090       0x30 ./Core/Src/main.o
 .debug_ranges  0x00000000000000c0       0x40 ./Core/Src/software_timer.o
 .debug_ranges  0x0000000000000100       0x20 ./Core/Src/stm32f1xx_hal_msp.o
 .debug_ranges  0x0000000000000120       0x58 ./Core/Src/stm32f1xx_it.o
 .debug_ranges  0x0000000000000178       0x18 ./Core/Src/system_stm32f1xx.o
 .debug_ranges  0x0000000000000190       0x20 ./Core/Startup/startup_stm32f103c6ux.o
 .debug_ranges  0x00000000000001b0       0xd0 ./Drivers/STM32F1xx_HAL_Driver/Src/stm32f1xx_hal.o
 .debug_ranges  0x0000000000000280       0xf0 ./Drivers/STM32F1xx_HAL_Driver/Src/stm32f1xx_hal_cortex.o
 .debug_ranges  0x0000000000000370       0x48 ./Drivers/STM32F1xx_HAL_Driver/Src/stm32f1xx_hal_gpio.o
 .debug_ranges  0x00000000000003b8       0x80 ./Drivers/STM32F1xx_HAL_Driver/Src/stm32f1xx_hal_rcc.o
 .debug_ranges  0x0000000000000438      0x3c0 ./Drivers/STM32F1xx_HAL_Driver/Src/stm32f1xx_hal_tim.o
 .debug_ranges  0x00000000000007f8      0x158 ./Drivers/STM32F1xx_HAL_Driver/Src/stm32f1xx_hal_tim_ex.o

.debug_macro    0x0000000000000000    0x16f6a
 .debug_macro   0x0000000000000000      0x1ef ./Core/Src/display.o
 .debug_macro   0x00000000000001ef      0xa9c ./Core/Src/display.o
 .debug_macro   0x0000000000000c8b       0x16 ./Core/Src/display.o
 .debug_macro   0x0000000000000ca1      0x215 ./Core/Src/display.o
 .debug_macro   0x0000000000000eb6       0x2e ./Core/Src/display.o
 .debug_macro   0x0000000000000ee4       0x22 ./Core/Src/display.o
 .debug_macro   0x0000000000000f06       0x22 ./Core/Src/display.o
 .debug_macro   0x0000000000000f28       0x8e ./Core/Src/display.o
 .debug_macro   0x0000000000000fb6       0x51 ./Core/Src/display.o
 .debug_macro   0x0000000000001007      0x103 ./Core/Src/display.o
 .debug_macro   0x000000000000110a       0x6a ./Core/Src/display.o
 .debug_macro   0x0000000000001174      0x1df ./Core/Src/display.o
 .debug_macro   0x0000000000001353       0x1c ./Core/Src/display.o
 .debug_macro   0x000000000000136f       0x22 ./Core/Src/display.o
 .debug_macro   0x0000000000001391       0xc3 ./Core/Src/display.o
 .debug_macro   0x0000000000001454      0xd23 ./Core/Src/display.o
 .debug_macro   0x0000000000002177     0xde75 ./Core/Src/display.o
 .debug_macro   0x000000000000ffec       0x6d ./Core/Src/display.o
 .debug_macro   0x0000000000010059     0x3468 ./Core/Src/display.o
 .debug_macro   0x00000000000134c1      0x174 ./Core/Src/display.o
 .debug_macro   0x0000000000013635       0x5c ./Core/Src/display.o
 .debug_macro   0x0000000000013691      0x5be ./Core/Src/display.o
 .debug_macro   0x0000000000013c4f      0x1b7 ./Core/Src/display.o
 .debug_macro   0x0000000000013e06      0x1cb ./Core/Src/display.o
 .debug_macro   0x0000000000013fd1      0x114 ./Core/Src/display.o
 .debug_macro   0x00000000000140e5      0x1b2 ./Core/Src/display.o
 .debug_macro   0x0000000000014297       0x27 ./Core/Src/display.o
 .debug_macro   0x00000000000142be      0x12f ./Core/Src/display.o
 .debug_macro   0x00000000000143ed      0x1bc ./Core/Src/display.o
 .debug_macro   0x00000000000145a9       0x34 ./Core/Src/display.o
 .debug_macro   0x00000000000145dd       0x3c ./Core/Src/display.o
 .debug_macro   0x0000000000014619       0x57 ./Core/Src/display.o
 .debug_macro   0x0000000000014670       0x88 ./Core/Src/display.o
 .debug_macro   0x00000000000146f8      0x183 ./Core/Src/display.o
 .debug_macro   0x000000000001487b      0x141 ./Core/Src/display.o
 .debug_macro   0x00000000000149bc      0x8d1 ./Core/Src/display.o
 .debug_macro   0x000000000001528d       0x69 ./Core/Src/display.o
 .debug_macro   0x00000000000152f6      0x154 ./Core/Src/display.o
 .debug_macro   0x000000000001544a       0x52 ./Core/Src/display.o
 .debug_macro   0x000000000001549c      0x1ef ./Core/Src/fsm_automatic.o
 .debug_macro   0x000000000001568b      0x1ef ./Core/Src/fsm_manual.o
 .debug_macro   0x000000000001587a      0x1eb ./Core/Src/global.o
 .debug_macro   0x0000000000015a65      0x205 ./Core/Src/input_reading.o
 .debug_macro   0x0000000000015c6a      0x1ef ./Core/Src/main.o
 .debug_macro   0x0000000000015e59      0x1ef ./Core/Src/software_timer.o
 .debug_macro   0x0000000000016048      0x1a7 ./Core/Src/stm32f1xx_hal_msp.o
 .debug_macro   0x00000000000161ef      0x1b1 ./Core/Src/stm32f1xx_it.o
 .debug_macro   0x00000000000163a0      0x198 ./Core/Src/system_stm32f1xx.o
 .debug_macro   0x0000000000016538      0x1bc ./Drivers/STM32F1xx_HAL_Driver/Src/stm32f1xx_hal.o
 .debug_macro   0x00000000000166f4      0x198 ./Drivers/STM32F1xx_HAL_Driver/Src/stm32f1xx_hal_cortex.o
 .debug_macro   0x000000000001688c      0x203 ./Drivers/STM32F1xx_HAL_Driver/Src/stm32f1xx_hal_gpio.o
 .debug_macro   0x0000000000016a8f      0x1aa ./Drivers/STM32F1xx_HAL_Driver/Src/stm32f1xx_hal_rcc.o
 .debug_macro   0x0000000000016c39      0x199 ./Drivers/STM32F1xx_HAL_Driver/Src/stm32f1xx_hal_tim.o
 .debug_macro   0x0000000000016dd2      0x198 ./Drivers/STM32F1xx_HAL_Driver/Src/stm32f1xx_hal_tim_ex.o

.debug_line     0x0000000000000000     0xc157
 .debug_line    0x0000000000000000      0x967 ./Core/Src/display.o
 .debug_line    0x0000000000000967      0x80e ./Core/Src/fsm_automatic.o
 .debug_line    0x0000000000001175      0x7ac ./Core/Src/fsm_manual.o
 .debug_line    0x0000000000001921      0x6a4 ./Core/Src/global.o
 .debug_line    0x0000000000001fc5      0x77d ./Core/Src/input_reading.o
 .debug_line    0x0000000000002742      0x7e4 ./Core/Src/main.o
 .debug_line    0x0000000000002f26      0x7bc ./Core/Src/software_timer.o
 .debug_line    0x00000000000036e2      0x6a1 ./Core/Src/stm32f1xx_hal_msp.o
 .debug_line    0x0000000000003d83      0x73f ./Core/Src/stm32f1xx_it.o
 .debug_line    0x00000000000044c2      0x6e3 ./Core/Src/system_stm32f1xx.o
 .debug_line    0x0000000000004ba5       0x87 ./Core/Startup/startup_stm32f103c6ux.o
 .debug_line    0x0000000000004c2c      0x910 ./Drivers/STM32F1xx_HAL_Driver/Src/stm32f1xx_hal.o
 .debug_line    0x000000000000553c      0xaf8 ./Drivers/STM32F1xx_HAL_Driver/Src/stm32f1xx_hal_cortex.o
 .debug_line    0x0000000000006034      0x991 ./Drivers/STM32F1xx_HAL_Driver/Src/stm32f1xx_hal_gpio.o
 .debug_line    0x00000000000069c5      0xd1e ./Drivers/STM32F1xx_HAL_Driver/Src/stm32f1xx_hal_rcc.o
 .debug_line    0x00000000000076e3     0x326e ./Drivers/STM32F1xx_HAL_Driver/Src/stm32f1xx_hal_tim.o
 .debug_line    0x000000000000a951     0x1806 ./Drivers/STM32F1xx_HAL_Driver/Src/stm32f1xx_hal_tim_ex.o

.debug_str      0x0000000000000000    0x82391
 .debug_str     0x0000000000000000    0x7f887 ./Core/Src/display.o
                                      0x7fbe1 (size before relaxing)
 .debug_str     0x000000000007f887       0x38 ./Core/Src/fsm_automatic.o
                                      0x7fb2a (size before relaxing)
 .debug_str     0x000000000007f8bf       0x28 ./Core/Src/fsm_manual.o
                                      0x7fb1a (size before relaxing)
 .debug_str     0x000000000007f8e7       0x15 ./Core/Src/global.o
                                      0x7fb07 (size before relaxing)
 .debug_str     0x000000000007f8fc      0x101 ./Core/Src/input_reading.o
                                      0x7fc40 (size before relaxing)
 .debug_str     0x000000000007f9fd      0x6bc ./Core/Src/main.o
                                      0x802ab (size before relaxing)
 .debug_str     0x00000000000800b9       0xa4 ./Core/Src/software_timer.o
                                      0x8008c (size before relaxing)
 .debug_str     0x000000000008015d      0x2ba ./Core/Src/stm32f1xx_hal_msp.o
                                      0x80198 (size before relaxing)
 .debug_str     0x0000000000080417       0xcd ./Core/Src/stm32f1xx_it.o
                                      0x7fefa (size before relaxing)
 .debug_str     0x00000000000804e4       0x52 ./Core/Src/system_stm32f1xx.o
                                      0x7f51c (size before relaxing)
 .debug_str     0x0000000000080536       0x36 ./Core/Startup/startup_stm32f103c6ux.o
                                         0x87 (size before relaxing)
 .debug_str     0x000000000008056c      0x304 ./Drivers/STM32F1xx_HAL_Driver/Src/stm32f1xx_hal.o
                                      0x7fb73 (size before relaxing)
 .debug_str     0x0000000000080870      0x300 ./Drivers/STM32F1xx_HAL_Driver/Src/stm32f1xx_hal_cortex.o
                                      0x7fb7b (size before relaxing)
 .debug_str     0x0000000000080b70      0x316 ./Drivers/STM32F1xx_HAL_Driver/Src/stm32f1xx_hal_gpio.o
                                      0x7f8e0 (size before relaxing)
 .debug_str     0x0000000000080e86      0x24f ./Drivers/STM32F1xx_HAL_Driver/Src/stm32f1xx_hal_rcc.o
                                      0x7f919 (size before relaxing)
 .debug_str     0x00000000000810d5      0xdce ./Drivers/STM32F1xx_HAL_Driver/Src/stm32f1xx_hal_tim.o
                                      0x808eb (size before relaxing)
 .debug_str     0x0000000000081ea3      0x4ee ./Drivers/STM32F1xx_HAL_Driver/Src/stm32f1xx_hal_tim_ex.o
                                      0x8009c (size before relaxing)

.comment        0x0000000000000000       0x53
 .comment       0x0000000000000000       0x53 ./Core/Src/display.o
                                         0x54 (size before relaxing)
 .comment       0x0000000000000053       0x54 ./Core/Src/fsm_automatic.o
 .comment       0x0000000000000053       0x54 ./Core/Src/fsm_manual.o
 .comment       0x0000000000000053       0x54 ./Core/Src/global.o
 .comment       0x0000000000000053       0x54 ./Core/Src/input_reading.o
 .comment       0x0000000000000053       0x54 ./Core/Src/main.o
 .comment       0x0000000000000053       0x54 ./Core/Src/software_timer.o
 .comment       0x0000000000000053       0x54 ./Core/Src/stm32f1xx_hal_msp.o
 .comment       0x0000000000000053       0x54 ./Core/Src/stm32f1xx_it.o
 .comment       0x0000000000000053       0x54 ./Core/Src/system_stm32f1xx.o
 .comment       0x0000000000000053       0x54 ./Drivers/STM32F1xx_HAL_Driver/Src/stm32f1xx_hal.o
 .comment       0x0000000000000053       0x54 ./Drivers/STM32F1xx_HAL_Driver/Src/stm32f1xx_hal_cortex.o
 .comment       0x0000000000000053       0x54 ./Drivers/STM32F1xx_HAL_Driver/Src/stm32f1xx_hal_gpio.o
 .comment       0x0000000000000053       0x54 ./Drivers/STM32F1xx_HAL_Driver/Src/stm32f1xx_hal_rcc.o
 .comment       0x0000000000000053       0x54 ./Drivers/STM32F1xx_HAL_Driver/Src/stm32f1xx_hal_tim.o
 .comment       0x0000000000000053       0x54 ./Drivers/STM32F1xx_HAL_Driver/Src/stm32f1xx_hal_tim_ex.o

.debug_frame    0x0000000000000000     0x28d4
 .debug_frame   0x0000000000000000      0x15c ./Core/Src/display.o
 .debug_frame   0x000000000000015c       0x2c ./Core/Src/fsm_automatic.o
 .debug_frame   0x0000000000000188       0x2c ./Core/Src/fsm_manual.o
 .debug_frame   0x00000000000001b4       0x60 ./Core/Src/input_reading.o
 .debug_frame   0x0000000000000214       0xb4 ./Core/Src/main.o
 .debug_frame   0x00000000000002c8      0x114 ./Core/Src/software_timer.o
 .debug_frame   0x00000000000003dc       0x80 ./Core/Src/stm32f1xx_hal_msp.o
 .debug_frame   0x000000000000045c      0x120 ./Core/Src/stm32f1xx_it.o
 .debug_frame   0x000000000000057c       0x58 ./Core/Src/system_stm32f1xx.o
 .debug_frame   0x00000000000005d4      0x334 ./Drivers/STM32F1xx_HAL_Driver/Src/stm32f1xx_hal.o
 .debug_frame   0x0000000000000908      0x428 ./Drivers/STM32F1xx_HAL_Driver/Src/stm32f1xx_hal_cortex.o
 .debug_frame   0x0000000000000d30      0x14c ./Drivers/STM32F1xx_HAL_Driver/Src/stm32f1xx_hal_gpio.o
 .debug_frame   0x0000000000000e7c      0x21c ./Drivers/STM32F1xx_HAL_Driver/Src/stm32f1xx_hal_rcc.o
 .debug_frame   0x0000000000001098     0x11b8 ./Drivers/STM32F1xx_HAL_Driver/Src/stm32f1xx_hal_tim.o
 .debug_frame   0x0000000000002250      0x638 ./Drivers/STM32F1xx_HAL_Driver/Src/stm32f1xx_hal_tim_ex.o
 .debug_frame   0x0000000000002888       0x2c c:/st/stm32cubeide_1.7.0/stm32cubeide/plugins/com.st.stm32cube.ide.mcu.externaltools.gnu-tools-for-stm32.9-2020-q2-update.win32_2.0.0.202105311346/tools/bin/../lib/gcc/arm-none-eabi/9.3.1/../../../../arm-none-eabi/lib/thumb/v7-m/nofp\libc_nano.a(lib_a-init.o)
 .debug_frame   0x00000000000028b4       0x20 c:/st/stm32cubeide_1.7.0/stm32cubeide/plugins/com.st.stm32cube.ide.mcu.externaltools.gnu-tools-for-stm32.9-2020-q2-update.win32_2.0.0.202105311346/tools/bin/../lib/gcc/arm-none-eabi/9.3.1/../../../../arm-none-eabi/lib/thumb/v7-m/nofp\libc_nano.a(lib_a-memset.o)
